// Jest Snapshot v1, https://goo.gl/fbAQLP

exports[`ListChoices component renders the UI as expected 1`] = `
<div
  className="List-choices-container"
>
  <div
    className="feature"
  >
    <div
      className="feature__name"
    />
    <ul
      className="feature__list"
    >
      <li
        className="feature__item"
        onClick={[Function]}
      >
        <div
          className="feature__option "
        >
          <div>
            17th Generation Intel Core HB (7 Core with donut spare)
          </div>
          (
          $700.00
          )
        </div>
      </li>
      <li
        className="feature__item"
        onClick={[Function]}
      >
        <div
          className="feature__option "
        >
          <div>
            Professor X AMD Fire Breather with sidewinder technology
          </div>
          (
          $1,200.00
          )
        </div>
      </li>
    </ul>
  </div>
  <div
    className="feature"
  >
    <div
      className="feature__name"
    />
    <ul
      className="feature__list"
    >
      <li
        className="feature__item"
        onClick={[Function]}
      >
        <div
          className="feature__option "
        >
          <div>
            Ubuntu Linux 16.04
          </div>
          (
          $200.00
          )
        </div>
      </li>
      <li
        className="feature__item"
        onClick={[Function]}
      >
        <div
          className="feature__option "
        >
          <div>
            Bodhi Linux
          </div>
          (
          $300.00
          )
        </div>
      </li>
    </ul>
  </div>
  <div
    className="feature"
  >
    <div
      className="feature__name"
    />
    <ul
      className="feature__list"
    >
      <li
        className="feature__item"
        onClick={[Function]}
      >
        <div
          className="feature__option "
        >
          <div>
            Toyota Corolla 1.5v
          </div>
          (
          $1,150.98
          )
        </div>
      </li>
      <li
        className="feature__item"
        onClick={[Function]}
      >
        <div
          className="feature__option "
        >
          <div>
            Mind mild breeze 2000
          </div>
          (
          $1,345.00
          )
        </div>
      </li>
    </ul>
  </div>
  <div
    className="feature"
  >
    <div
      className="feature__name"
    />
    <ul
      className="feature__list"
    >
      <li
        className="feature__item"
        onClick={[Function]}
      >
        <div
          className="feature__option "
        >
          <div>
            15.6" UHD (3840 x 2160) 60Hz Bright Lights and Knobs
          </div>
          (
          $1,500.00
          )
        </div>
      </li>
      <li
        className="feature__item"
        onClick={[Function]}
      >
        <div
          className="feature__option "
        >
          <div>
            15.3" HGTV (3840 x 2160) Home makeover edition
          </div>
          (
          $1,400.00
          )
        </div>
      </li>
    </ul>
  </div>
</div>
`;
