// Jest Snapshot v1, https://goo.gl/fbAQLP

exports[`ListItemOption component renders the UI as expected 1`] = `
<li
  className="feature__item"
  onClick={[Function]}
>
  <div
    className="feature__option "
  >
    <div>
      hello
    </div>
    (
    $45.00
    )
  </div>
</li>
`;

exports[`ListItemOption component simulates clicking an li element 1`] = `
<li
  className="feature__item"
  onClick={[Function]}
>
  <div
    className="feature__option "
  >
    <div>
      hello
    </div>
    (
    $45.00
    )
  </div>
</li>
`;
