// Jest Snapshot v1, https://goo.gl/fbAQLP

exports[`ListItem component renders the UI as expected 1`] = `
<div
  className="feature"
>
  <div
    className="feature__name"
  >
    hello
  </div>
  <ul
    className="feature__list"
  >
    <li
      className="feature__item"
    >
      <div
        onClick={1}
      >
        (
        $NaN
        )
      </div>
    </li>
    <li
      className="feature__item"
    >
      <div
        onClick={1}
      >
        (
        $NaN
        )
      </div>
    </li>
  </ul>
</div>
`;
